// Jest Snapshot v1, https://goo.gl/fbAQLP

exports[`BannerBackground Component renders as expected 1`] = `
.emotion-0 {
  position: relative;
}

.emotion-0::before,
.emotion-0::after {
  content: "";
  display: block;
  position: absolute;
  width: 100%;
  height: 100%;
  top: 0;
  left: 0;
  -webkit-transition: opacity 0.5s ease 0.25s;
  transition: opacity 0.5s ease 0.25s;
  background-position: center;
  background-repeat: no-repeat;
  background-size: cover;
}

.emotion-0::after {
  z-index: -100;
  opacity: 0;
}

.emotion-0::before {
  z-index: -101;
  opacity: 1;
  background-image: url("data+image/svg+xml");
}

@media screen and (prefers-color-scheme:dark) {
  .emotion-0::before {
    background-image: url("data+image/svg+xml");
  }
}

<div
  className="emotion-0"
  data-testid="BackgroundImageContainerElement"
>
  <noscript
    className="1jdzluo"
  >
    <style
      dangerouslySetInnerHTML={
        Object {
          "__html": "noscript{z-index:-100;opacity:1;background-image:url(\\"/static/banner_example/1/banner.jpg\\"); @media screen and (prefers-color-scheme: dark){background-image:url(\\"/static/banner_example/1/banner_dark.jpg\\");};;}",
        }
      }
    />
  </noscript>
</div>
`;
