// Jest Snapshot v1, https://goo.gl/fbAQLP

exports[`Avatar Component renders as expected 1`] = `
.emotion-0 {
  margin-bottom: 10px;
  border-radius: 140px;
}

<div
  aria-label="Avatar"
  role="img"
>
  <div
    className="emotion-0 gatsby-image-wrapper"
    style={
      Object {
        "display": "inline-block",
        "height": 200,
        "overflow": "hidden",
        "position": "relative",
        "width": 200,
      }
    }
  >
    <img
      alt=""
      src="data+image/svg+xml"
      style={
        Object {
          "height": "100%",
          "left": 0,
          "objectFit": "cover",
          "objectPosition": "center",
          "opacity": 1,
          "position": "absolute",
          "top": 0,
          "transitionDelay": "500ms",
          "width": "100%",
        }
      }
    />
    <picture>
      <source
        srcSet="/static/example/2/avatar.jpg 1x,
                /static/example/3/avatar.jpg 1.5x,
                /static/example/4/avatar.jpg 2x"
      />
      <img
        alt="Avatar"
        height={200}
        loading="lazy"
        onLoad={[Function]}
        src="/static/example/1/avatar.jpg"
        srcSet="/static/example/2/avatar.jpg 1x,
                /static/example/3/avatar.jpg 1.5x,
                /static/example/4/avatar.jpg 2x"
        style={
          Object {
            "height": "100%",
            "left": 0,
            "objectFit": "cover",
            "objectPosition": "center",
            "opacity": 0,
            "position": "absolute",
            "top": 0,
            "transition": "opacity 500ms",
            "width": "100%",
          }
        }
        width={200}
      />
    </picture>
    <noscript
      dangerouslySetInnerHTML={
        Object {
          "__html": "<picture><source srcset=\\"/static/example/2/avatar.jpg 1x,
                /static/example/3/avatar.jpg 1.5x,
                /static/example/4/avatar.jpg 2x\\" /><img loading=\\"lazy\\" width=\\"200\\" height=\\"200\\" srcset=\\"/static/example/2/avatar.jpg 1x,
                /static/example/3/avatar.jpg 1.5x,
                /static/example/4/avatar.jpg 2x\\" src=\\"/static/example/1/avatar.jpg\\" alt=\\"Avatar\\" style=\\"position:absolute;top:0;left:0;opacity:1;width:100%;height:100%;object-fit:cover;object-position:center\\"/></picture>",
        }
      }
    />
  </div>
</div>
`;
