// Jest Snapshot v1, https://goo.gl/fbAQLP

exports[`Base Layout renders correctly 1`] = `
Array [
  <script
    type="application/ld+json"
  >
    Object {
    "@context": "https://schema.org",
    "@type": "BreadcrumbList",
    "itemListElement": Array [
      Object {
        "@type": "ListItem",
        "item": Object {
          "@id": "https://site.dev/",
          "@type": "WebPage",
          "name": "Kepler Sticka-Jones",
        },
        "position": 1,
      },
      Object {
        "@type": "ListItem",
        "item": Object {
          "@id": "https://site.dev/nested/",
          "@type": "WebPage",
          "name": "Nested",
        },
        "position": 2,
      },
      Object {
        "@type": "ListItem",
        "item": Object {
          "@id": "https://site.dev/nested/01-test/",
          "@type": "WebPage",
          "name": "Test",
        },
        "position": 3,
      },
    ],
  }
  </script>,
  <a
    data-reach-skip-link={true}
    href="#reach-skip-nav"
  >
    Skip to content
  </a>,
  .emotion-7 {
  position: relative;
}

.emotion-7::before,
.emotion-7::after {
  content: "";
  display: block;
  position: absolute;
  width: 100%;
  height: 100%;
  top: 0;
  left: 0;
  -webkit-transition: opacity 0.5s ease 0.25s;
  transition: opacity 0.5s ease 0.25s;
  background-position: center;
  background-repeat: no-repeat;
  background-size: cover;
}

.emotion-7::after {
  z-index: -100;
  opacity: 0;
}

.emotion-7::before {
  z-index: -101;
  opacity: 1;
  background-image: url("data+image/svg+xml");
}

@media screen and (prefers-color-scheme:dark) {
  .emotion-7::before {
    background-image: url("data+image/svg+xml");
  }
}

.emotion-6 {
  height: 3rem;
  max-width: 100vw;
  display: -webkit-box;
  display: -webkit-flex;
  display: -ms-flexbox;
  display: flex;
  -webkit-backdrop-filter: blur(5px);
  backdrop-filter: blur(5px);
  -webkit-align-items: center;
  -webkit-box-align: center;
  -ms-flex-align: center;
  align-items: center;
  padding-left: 1rem;
  padding-right: 1rem;
  -webkit-box-pack: justify;
  -webkit-justify-content: space-between;
  -ms-flex-pack: justify;
  justify-content: space-between;
}

.emotion-1 {
  text-align: start;
  max-width: 50%;
}

.emotion-0 {
  font-weight: 600;
  color: #141414;
  -webkit-text-decoration: none;
  text-decoration: none;
}

.emotion-0:hover {
  -webkit-text-decoration: underline;
  text-decoration: underline;
}

@media (prefers-color-scheme:dark) {
  .emotion-0 {
    color: white;
  }
}

.emotion-5 {
  text-align: end;
  max-width: 50%;
}

.emotion-5 > :not(:last-child) {
  margin-right: 1em;
}

<div
    className="emotion-7"
    data-testid="BackgroundImageContainerElement"
  >
    <noscript
      className="1jdzluo"
    >
      <style
        dangerouslySetInnerHTML={
          Object {
            "__html": "noscript{z-index:-100;opacity:1;background-image:url(\\"/static/banner_example/1/banner.jpg\\"); @media screen and (prefers-color-scheme: dark){background-image:url(\\"/static/banner_example/1/banner_dark.jpg\\");};;}",
          }
        }
      />
    </noscript>
    <div
      className="emotion-6"
    >
      <div
        className="emotion-1"
      >
        <a
          className="emotion-0"
          href="/"
        >
          Kepler Sticka-Jones
        </a>
      </div>
      <div
        className="emotion-5"
      >
        <a
          className="emotion-0"
          href="/blog"
        >
          Blog
        </a>
        <a
          className="emotion-0"
          href="/projects"
        >
          Projects
        </a>
        <a
          className="emotion-0"
          href="/about"
        >
          About
        </a>
      </div>
    </div>
  </div>,
  <div
    id="reach-skip-nav"
  />,
  <span>
    Test
  </span>,
]
`;

exports[`Base Layout renders correctly 2`] = `
<html
  lang="en"
>
  <head>
    <link
      data-rh={true}
      href="https://site.dev/nested/01-test/"
      rel="canonical"
    />
    <meta
      content=""
      data-rh={true}
      name="description"
    />
    <meta
      content="Kepler Sticka-Jones"
      data-rh={true}
      property="og:site_name"
    />
    <meta
      content="Test"
      data-rh={true}
      property="og:title"
    />
    <meta
      content="https://site.dev/nested/01-test/"
      data-rh={true}
      property="og:url"
    />
    <meta
      content=""
      data-rh={true}
      property="og:description"
    />
    <meta
      content="summary"
      data-rh={true}
      name="twitter:card"
    />
    <meta
      content="@test"
      data-rh={true}
      name="twitter:site"
    />
    <meta
      content="@test"
      data-rh={true}
      name="twitter:creator"
    />
    <title
      data-rh={true}
    >
      Test | Kepler Sticka-Jones
    </title>
  </head>
  <body />
</html>
`;
