// Jest Snapshot v1, https://goo.gl/fbAQLP

exports[`Navbar renders correctly 1`] = `
.emotion-0 {
  position: relative;
}

.emotion-0::before,
.emotion-0::after {
  position: absolute;
  top: 0;
  left: 0;
  display: block;
  width: 100%;
  height: 100%;
  background-repeat: no-repeat;
  background-position: center;
  background-size: cover;
  -webkit-transition: opacity 0.5s ease 0.25s;
  transition: opacity 0.5s ease 0.25s;
  content: "";
}

@media screen and (prefers-reduced-motion:reduce) {
  .emotion-0::before,
  .emotion-0::after {
    -webkit-transition: none;
    transition: none;
  }
}

.emotion-0::after {
  z-index: -100;
  opacity: 0;
}

.emotion-0::before {
  z-index: -101;
  opacity: 1;
  background-image: url("data+image/svg+xml");
}

@media screen and (prefers-color-scheme:dark) {
  .emotion-0::before {
    background-image: url("data+image/svg+xml");
  }
}

.emotion-1 {
  display: -webkit-box;
  display: -webkit-flex;
  display: -ms-flexbox;
  display: flex;
  -webkit-align-items: center;
  -webkit-box-align: center;
  -ms-flex-align: center;
  align-items: center;
  -webkit-box-pack: justify;
  -webkit-justify-content: space-between;
  justify-content: space-between;
  max-width: 100vw;
  height: 3rem;
  padding-right: 1rem;
  padding-left: 1rem;
  -webkit-backdrop-filter: blur(5px);
  backdrop-filter: blur(5px);
}

.emotion-2 {
  max-width: 50%;
  text-align: start;
}

.emotion-3 {
  color: #141414;
  font-weight: 600;
  -webkit-text-decoration: none;
  text-decoration: none;
}

.emotion-3:hover,
.emotion-3:focus {
  -webkit-text-decoration: underline;
  text-decoration: underline;
}

@media (prefers-color-scheme: dark) {
  .emotion-3 {
    color: white;
  }
}

.emotion-4 {
  max-width: 50%;
  text-align: end;
}

.emotion-4>:not(:last-child) {
  margin-right: 1em;
}

<div
  className="emotion-0"
  data-testid="BackgroundImageContainerElement"
>
  <noscript
    className="1jdzluo"
  >
    <style
      dangerouslySetInnerHTML={
        Object {
          "__html": "noscript{z-index:-100;opacity:1;background-image:url(\\"/static/banner_example/1/banner.jpg\\"); @media screen and (prefers-color-scheme: dark){background-image:url(\\"/static/banner_example/1/banner_dark.jpg\\");};;}",
        }
      }
    />
  </noscript>
  <div
    className="emotion-1"
  >
    <div
      className="emotion-2"
    >
      <a
        className="emotion-3"
        href="/"
      >
        Kepler Sticka-Jones
      </a>
    </div>
    <div
      className="emotion-4"
    >
      <a
        className="emotion-3"
        href="/blog"
      >
        Blog
      </a>
      <a
        className="emotion-3"
        href="/projects"
      >
        Projects
      </a>
      <a
        className="emotion-3"
        href="/about"
      >
        About
      </a>
    </div>
  </div>
</div>
`;
